[    0.000000] Initializing cgroup subsys cpuset
[    0.000000] Initializing cgroup subsys cpu
[    0.000000] Initializing cgroup subsys cpuacct
[    0.000000] Linux version 4.4.0-142-generic (buildd@lgw01-amd64-033) (gcc version 5.4.0 20160609 (Ubuntu 5.4.0-6ubuntu1~16.04.10) ) #168-Ubuntu SMP Wed Jan 16 21:00:45 UTC 2019 (Ubuntu 4.4.0-142.168-generic 4.4.167)
[    0.000000] Command line: BOOT_IMAGE=/boot/vmlinuz-4.4.0-142-generic root=LABEL=cloudimg-rootfs ro console=tty1 console=ttyS0
[    0.000000] KERNEL supported cpus:
[    0.000000]   Intel GenuineIntel
[    0.000000]   AMD AuthenticAMD
[    0.000000]   Centaur CentaurHauls
[    0.000000] x86/fpu: xstate_offset[2]:  576, xstate_sizes[2]:  256
[    0.000000] x86/fpu: Supporting XSAVE feature 0x01: 'x87 floating point registers'
[    0.000000] x86/fpu: Supporting XSAVE feature 0x02: 'SSE registers'
[    0.000000] x86/fpu: Supporting XSAVE feature 0x04: 'AVX registers'
[    0.000000] x86/fpu: Enabled xstate features 0x7, context size is 832 bytes, using 'standard' format.
[    0.000000] e820: BIOS-provided physical RAM map:
[    0.000000] BIOS-e820: [mem 0x0000000000000000-0x000000000009fbff] usable
[    0.000000] BIOS-e820: [mem 0x000000000009fc00-0x000000000009ffff] reserved
[    0.000000] BIOS-e820: [mem 0x00000000000f0000-0x00000000000fffff] reserved
[    0.000000] BIOS-e820: [mem 0x0000000000100000-0x000000003ffeffff] usable
[    0.000000] BIOS-e820: [mem 0x000000003fff0000-0x000000003fffffff] ACPI data
[    0.000000] BIOS-e820: [mem 0x00000000fec00000-0x00000000fec00fff] reserved
[    0.000000] BIOS-e820: [mem 0x00000000fee00000-0x00000000fee00fff] reserved
[    0.000000] BIOS-e820: [mem 0x00000000fffc0000-0x00000000ffffffff] reserved
[    0.000000] NX (Execute Disable) protection: active
[    0.000000] SMBIOS 2.5 present.
[    0.000000] Hypervisor detected: KVM
[    0.000000] e820: last_pfn = 0x3fff0 max_arch_pfn = 0x400000000
[    0.000000] MTRR: Disabled
[    0.000000] x86/PAT: MTRRs disabled, skipping PAT initialization too.
[    0.000000] CPU MTRRs all blank - virtualized system.
[    0.000000] x86/PAT: Configuration [0-7]: WB  WT  UC- UC  WB  WT  UC- UC  
[    0.000000] found SMP MP-table at [mem 0x0009fff0-0x0009ffff] mapped at [ffff88000009fff0]
[    0.000000] Scanning 1 areas for low memory corruption
[    0.000000] RAMDISK: [mem 0x36308000-0x3717bfff]
[    0.000000] ACPI: Early table checksum verification disabled
[    0.000000] ACPI: RSDP 0x00000000000E0000 000024 (v02 VBOX  )
[    0.000000] ACPI: XSDT 0x000000003FFF0030 00003C (v01 VBOX   VBOXXSDT 00000001 ASL  00000061)
[    0.000000] ACPI: FACP 0x000000003FFF00F0 0000F4 (v04 VBOX   VBOXFACP 00000001 ASL  00000061)
[    0.000000] ACPI: DSDT 0x000000003FFF0470 0021FF (v02 VBOX   VBOXBIOS 00000002 INTL 20100528)
[    0.000000] ACPI: FACS 0x000000003FFF0200 000040
[    0.000000] ACPI: FACS 0x000000003FFF0200 000040
[    0.000000] ACPI: APIC 0x000000003FFF0240 00005C (v02 VBOX   VBOXAPIC 00000001 ASL  00000061)
[    0.000000] ACPI: SSDT 0x000000003FFF02A0 0001CC (v01 VBOX   VBOXCPUT 00000002 INTL 20100528)
[    0.000000] No NUMA configuration found
[    0.000000] Faking a node at [mem 0x0000000000000000-0x000000003ffeffff]
[    0.000000] NODE_DATA(0) allocated [mem 0x3ffeb000-0x3ffeffff]
[    0.000000] kvm-clock: Using msrs 4b564d01 and 4b564d00
[    0.000000] kvm-clock: cpu 0, msr 0:3ffe3001, primary cpu clock
[    0.000000] kvm-clock: using sched offset of 4879291369 cycles
[    0.000000] clocksource: kvm-clock: mask: 0xffffffffffffffff max_cycles: 0x1cd42e4dffb, max_idle_ns: 881590591483 ns
[    0.000000] Zone ranges:
[    0.000000]   DMA      [mem 0x0000000000001000-0x0000000000ffffff]
[    0.000000]   DMA32    [mem 0x0000000001000000-0x000000003ffeffff]
[    0.000000]   Normal   empty
[    0.000000]   Device   empty
[    0.000000] Movable zone start for each node
[    0.000000] Early memory node ranges
[    0.000000]   node   0: [mem 0x0000000000001000-0x000000000009efff]
[    0.000000]   node   0: [mem 0x0000000000100000-0x000000003ffeffff]
[    0.000000] Initmem setup node 0 [mem 0x0000000000001000-0x000000003ffeffff]
[    0.000000] ACPI: PM-Timer IO Port: 0x4008
[    0.000000] IOAPIC[0]: apic_id 2, version 32, address 0xfec00000, GSI 0-23
[    0.000000] ACPI: INT_SRC_OVR (bus 0 bus_irq 0 global_irq 2 dfl dfl)
[    0.000000] ACPI: INT_SRC_OVR (bus 0 bus_irq 9 global_irq 9 low level)
[    0.000000] Using ACPI (MADT) for SMP configuration information
[    0.000000] smpboot: Allowing 2 CPUs, 0 hotplug CPUs
[    0.000000] PM: Registered nosave memory: [mem 0x00000000-0x00000fff]
[    0.000000] PM: Registered nosave memory: [mem 0x0009f000-0x0009ffff]
[    0.000000] PM: Registered nosave memory: [mem 0x000a0000-0x000effff]
[    0.000000] PM: Registered nosave memory: [mem 0x000f0000-0x000fffff]
[    0.000000] e820: [mem 0x40000000-0xfebfffff] available for PCI devices
[    0.000000] Booting paravirtualized kernel on KVM
[    0.000000] clocksource: refined-jiffies: mask: 0xffffffff max_cycles: 0xffffffff, max_idle_ns: 7645519600211568 ns
[    0.000000] setup_percpu: NR_CPUS:512 nr_cpumask_bits:512 nr_cpu_ids:2 nr_node_ids:1
[    0.000000] PERCPU: Embedded 34 pages/cpu @ffff88003fc00000 s99480 r8192 d31592 u1048576
[    0.000000] Built 1 zonelists in Node order, mobility grouping on.  Total pages: 257912
[    0.000000] Policy zone: DMA32
[    0.000000] Kernel command line: BOOT_IMAGE=/boot/vmlinuz-4.4.0-142-generic root=LABEL=cloudimg-rootfs ro console=tty1 console=ttyS0
[    0.000000] PID hash table entries: 4096 (order: 3, 32768 bytes)
[    0.000000] Memory: 997732K/1048120K available (8603K kernel code, 1332K rwdata, 4004K rodata, 1484K init, 1316K bss, 50388K reserved, 0K cma-reserved)
[    0.000000] SLUB: HWalign=64, Order=0-3, MinObjects=0, CPUs=2, Nodes=1
[    0.000000] Kernel/User page tables isolation: enabled
[    0.000000] Hierarchical RCU implementation.
[    0.000000] 	Build-time adjustment of leaf fanout to 64.
[    0.000000] 	RCU restricting CPUs from NR_CPUS=512 to nr_cpu_ids=2.
[    0.000000] RCU: Adjusting geometry for rcu_fanout_leaf=64, nr_cpu_ids=2
[    0.000000] NR_IRQS:33024 nr_irqs:440 16
[    0.000000] Console: colour VGA+ 80x25
[    0.000000] console [tty1] enabled
[    0.000000] console [ttyS0] enabled
[    0.000000] tsc: Detected 2194.918 MHz processor
[    0.415219] Calibrating delay loop (skipped) preset value.. 4389.83 BogoMIPS (lpj=8779672)
[    0.419935] pid_max: default: 32768 minimum: 301
[    0.422982] ACPI: Core revision 20150930
[    0.431199] ACPI: 2 ACPI AML tables successfully acquired and loaded
[    0.434357] Security Framework initialized
[    0.436400] Yama: becoming mindful.
[    0.438359] AppArmor: AppArmor initialized
[    0.440735] Dentry cache hash table entries: 131072 (order: 8, 1048576 bytes)
[    0.447350] Inode-cache hash table entries: 65536 (order: 7, 524288 bytes)
[    0.450800] Mount-cache hash table entries: 2048 (order: 2, 16384 bytes)
[    0.453739] Mountpoint-cache hash table entries: 2048 (order: 2, 16384 bytes)
[    0.458725] Initializing cgroup subsys io
[    0.460782] Initializing cgroup subsys memory
[    0.462983] Initializing cgroup subsys devices
[    0.465209] Initializing cgroup subsys freezer
[    0.467513] Initializing cgroup subsys net_cls
[    0.470687] Initializing cgroup subsys perf_event
[    0.473617] Initializing cgroup subsys net_prio
[    0.475815] Initializing cgroup subsys hugetlb
[    0.478132] Initializing cgroup subsys pids
[    0.481596] mce: CPU supports 0 MCE banks
[    0.484473] Last level iTLB entries: 4KB 64, 2MB 8, 4MB 8
[    0.487077] Last level dTLB entries: 4KB 64, 2MB 0, 4MB 0, 1GB 4
[    0.489966] Spectre V2 : Mitigation: Full generic retpoline
[    0.493322] Spectre V2 : Spectre v2 / SpectreRSB mitigation: Filling RSB on context switch
[    0.497921] Speculative Store Bypass: Vulnerable
[    0.505410] Freeing SMP alternatives memory: 32K
[    0.517994] ftrace: allocating 32277 entries in 127 pages
[    0.634372] smpboot: APIC(0) Converting physical 0 to logical package 0
[    0.639434] smpboot: Max logical packages: 1
[    0.643986] x2apic enabled
[    0.648630] Switched APIC routing to physical x2apic.
[    0.656381] ..TIMER: vector=0x30 apic1=0 pin1=2 apic2=-1 pin2=-1
[    0.764805] smpboot: CPU0: Intel(R) Core(TM) i5-5200U CPU @ 2.20GHz (family: 0x6, model: 0x3d, stepping: 0x4)
[    0.770860] Performance Events: unsupported p6 CPU model 61 no PMU driver, software events only.
[    0.791523] KVM setup paravirtual spinlock
[    0.794951] x86: Booting SMP configuration:
[    0.797053] .... node  #0, CPUs:      #1
[    0.798996] kvm-clock: cpu 1, msr 0:3ffe3041, secondary cpu clock
[    0.820652] mce: CPU supports 0 MCE banks
[    0.823795] x86: Booted up 1 node, 2 CPUs
[    0.826563] smpboot: Total of 2 processors activated (8779.67 BogoMIPS)
[    0.837883] devtmpfs: initialized
[    0.856740] evm: security.selinux
[    0.858781] evm: security.SMACK64
[    0.860921] evm: security.SMACK64EXEC
[    0.866681] evm: security.SMACK64TRANSMUTE
[    0.868762] evm: security.SMACK64MMAP
[    0.870785] evm: security.ima
[    0.872503] evm: security.capability
[    0.874889] clocksource: jiffies: mask: 0xffffffff max_cycles: 0xffffffff, max_idle_ns: 7645041785100000 ns
[    0.879479] futex hash table entries: 512 (order: 3, 32768 bytes)
[    0.883414] pinctrl core: initialized pinctrl subsystem
[    0.886376] RTC time:  7:49:03, date: 03/19/19
[    0.888919] NET: Registered protocol family 16
[    0.901465] cpuidle: using governor ladder
[    0.918168] cpuidle: using governor menu
[    0.923172] PCCT header not found.
[    0.927145] ACPI: bus type PCI registered
[    0.930125] acpiphp: ACPI Hot Plug PCI Controller Driver version: 0.5
[    0.933415] PCI: Using configuration type 1 for base access
[    0.951797] ACPI: Added _OSI(Module Device)
[    0.954691] ACPI: Added _OSI(Processor Device)
[    0.957449] ACPI: Added _OSI(3.0 _SCP Extensions)
[    0.959697] ACPI: Added _OSI(Processor Aggregator Device)
[    0.965479] ACPI: Executed 1 blocks of module-level executable AML code
[    0.976463] ACPI: Interpreter enabled
[    0.979045] ACPI: (supports S0 S5)
[    0.981023] ACPI: Using IOAPIC for interrupt routing
[    0.984096] PCI: Using host bridge windows from ACPI; if necessary, use "pci=nocrs" and report a bug
[    1.001107] ACPI: PCI Root Bridge [PCI0] (domain 0000 [bus 00-ff])
[    1.004102] acpi PNP0A03:00: _OSC: OS supports [ASPM ClockPM Segments MSI]
[    1.008011] acpi PNP0A03:00: _OSC: not requesting OS control; OS requires [ExtendedConfig ASPM ClockPM MSI]
[    1.013437] acpi PNP0A03:00: fail to add MMCONFIG information, can't access extended PCI configuration space under this bridge.
[    1.020977] PCI host bridge to bus 0000:00
[    1.024477] pci_bus 0000:00: root bus resource [io  0x0000-0x0cf7 window]
[    1.027483] pci_bus 0000:00: root bus resource [io  0x0d00-0xffff window]
[    1.030453] pci_bus 0000:00: root bus resource [mem 0x000a0000-0x000bffff window]
[    1.036651] pci_bus 0000:00: root bus resource [mem 0x40000000-0xfdffffff window]
[    1.041507] pci_bus 0000:00: root bus resource [bus 00-ff]
[    1.048130] pci 0000:00:01.1: legacy IDE quirk: reg 0x10: [io  0x01f0-0x01f7]
[    1.051860] pci 0000:00:01.1: legacy IDE quirk: reg 0x14: [io  0x03f6]
[    1.056943] pci 0000:00:01.1: legacy IDE quirk: reg 0x18: [io  0x0170-0x0177]
[    1.060283] pci 0000:00:01.1: legacy IDE quirk: reg 0x1c: [io  0x0376]
[    1.095136] pci 0000:00:07.0: quirk: [io  0x4000-0x403f] claimed by PIIX4 ACPI
[    1.099485] pci 0000:00:07.0: quirk: [io  0x4100-0x410f] claimed by PIIX4 SMB
[    1.148578] ACPI: PCI Interrupt Link [LNKA] (IRQs 5 9 10 *11)
[    1.153269] ACPI: PCI Interrupt Link [LNKB] (IRQs 5 9 *10 11)
[    1.157705] ACPI: PCI Interrupt Link [LNKC] (IRQs 5 *9 10 11)
[    1.164059] ACPI: PCI Interrupt Link [LNKD] (IRQs 5 9 10 *11)
[    1.168394] ACPI: Enabled 2 GPEs in block 00 to 07
[    1.174895] vgaarb: setting as boot device: PCI:0000:00:02.0
[    1.178325] vgaarb: device added: PCI:0000:00:02.0,decodes=io+mem,owns=io+mem,locks=none
[    1.183097] vgaarb: loaded
[    1.184965] vgaarb: bridge control possible 0000:00:02.0
[    1.188778] SCSI subsystem initialized
[    1.191607] ACPI: bus type USB registered
[    1.193999] usbcore: registered new interface driver usbfs
[    1.197176] usbcore: registered new interface driver hub
[    1.200069] usbcore: registered new device driver usb
[    1.207272] PCI: Using ACPI for IRQ routing
[    1.210483] NetLabel: Initializing
[    1.212345] NetLabel:  domain hash size = 128
[    1.214552] NetLabel:  protocols = UNLABELED CIPSOv4
[    1.217005] NetLabel:  unlabeled traffic allowed by default
[    1.220123] amd_nb: Cannot enumerate AMD northbridges
[    1.223223] clocksource: Switched to clocksource kvm-clock
[    1.253346] AppArmor: AppArmor Filesystem Enabled
[    1.256420] pnp: PnP ACPI init
[    1.261215] pnp: PnP ACPI: found 3 devices
[    1.280737] clocksource: acpi_pm: mask: 0xffffff max_cycles: 0xffffff, max_idle_ns: 2085701024 ns
[    1.286923] NET: Registered protocol family 2
[    1.290982] TCP established hash table entries: 8192 (order: 4, 65536 bytes)
[    1.295151] TCP bind hash table entries: 8192 (order: 5, 131072 bytes)
[    1.299481] TCP: Hash tables configured (established 8192 bind 8192)
[    1.303365] UDP hash table entries: 512 (order: 2, 16384 bytes)
[    1.306479] UDP-Lite hash table entries: 512 (order: 2, 16384 bytes)
[    1.310446] NET: Registered protocol family 1
[    1.313709] pci 0000:00:00.0: Limiting direct PCI/PCI transfers
[    1.317384] pci 0000:00:01.0: Activating ISA DMA hang workarounds
[    1.322618] Unpacking initramfs...
[    1.960283] Freeing initrd memory: 14800K
[    1.962661] RAPL PMU detected, API unit is 2^-32 Joules, 4 fixed counters 10737418240 ms ovfl timer
[    1.966938] hw unit of domain pp0-core 2^-0 Joules
[    1.969504] hw unit of domain package 2^-0 Joules
[    1.974019] hw unit of domain dram 2^-0 Joules
[    1.976870] hw unit of domain pp1-gpu 2^-0 Joules
[    1.979590] platform rtc_cmos: registered platform RTC device (no PNP device found)
[    1.984028] Scanning for low memory corruption every 60 seconds
[    1.988499] audit: initializing netlink subsys (disabled)
[    1.991290] audit: type=2000 audit(1552981750.302:1): initialized
[    1.995349] Initialise system trusted keyring
[    1.997867] HugeTLB registered 2 MB page size, pre-allocated 0 pages
[    2.005557] zbud: loaded
[    2.008258] VFS: Disk quotas dquot_6.6.0
[    2.010712] VFS: Dquot-cache hash table entries: 512 (order 0, 4096 bytes)
[    2.014740] squashfs: version 4.0 (2009/01/31) Phillip Lougher
[    2.019600] fuse init (API version 7.23)
[    2.021984] Key type big_key registered
[    2.024010] Allocating IMA MOK and blacklist keyrings.
[    2.030867] Key type asymmetric registered
[    2.033278] Asymmetric key parser 'x509' registered
[    2.035669] Block layer SCSI generic (bsg) driver version 0.4 loaded (major 249)
[    2.040582] io scheduler noop registered
[    2.042616] io scheduler deadline registered (default)
[    2.047093] io scheduler cfq registered
[    2.049470] pci_hotplug: PCI Hot Plug PCI Core version: 0.5
[    2.052117] pciehp: PCI Express Hot Plug Controller Driver version: 0.4
[    2.055318] ACPI: AC Adapter [AC] (on-line)
[    2.057999] input: Power Button as /devices/LNXSYSTM:00/LNXPWRBN:00/input/input0
[    2.061828] ACPI: Power Button [PWRF]
[    2.063945] input: Sleep Button as /devices/LNXSYSTM:00/LNXSLPBN:00/input/input1
[    2.068173] ACPI: Sleep Button [SLPF]
[    2.071105] GHES: HEST is not enabled!
[    2.072885] ACPI: Battery Slot [BAT0] (battery present)
[    2.076385] Serial: 8250/16550 driver, 32 ports, IRQ sharing enabled
[    2.107652] 00:02: ttyS0 at I/O 0x3f8 (irq = 4, base_baud = 115200) is a 16550A
[    2.115144] Linux agpgart interface v0.103
[    2.121502] loop: module loaded
[    2.124929] scsi host0: ata_piix
[    2.127701] scsi host1: ata_piix
[    2.129598] ata1: PATA max UDMA/33 cmd 0x1f0 ctl 0x3f6 bmdma 0xd000 irq 14
[    2.133329] ata2: PATA max UDMA/33 cmd 0x170 ctl 0x376 bmdma 0xd008 irq 15
[    2.136667] libphy: Fixed MDIO Bus: probed
[    2.138885] tun: Universal TUN/TAP device driver, 1.6
[    2.141868] tun: (C) 1999-2004 Max Krasnyansky <maxk@qualcomm.com>
[    2.145516] PPP generic driver version 2.4.2
[    2.147977] ehci_hcd: USB 2.0 'Enhanced' Host Controller (EHCI) Driver
[    2.150861] ehci-pci: EHCI PCI platform driver
[    2.153128] ehci-platform: EHCI generic platform driver
[    2.155555] ohci_hcd: USB 1.1 'Open' Host Controller (OHCI) Driver
[    2.159214] ohci-pci: OHCI PCI platform driver
[    2.162348] ohci-platform: OHCI generic platform driver
[    2.166012] uhci_hcd: USB Universal Host Controller Interface driver
[    2.169679] i8042: PNP: PS/2 Controller [PNP0303:PS2K,PNP0f03:PS2M] at 0x60,0x64 irq 1,12
[    2.175862] serio: i8042 KBD port at 0x60,0x64 irq 1
[    2.178212] serio: i8042 AUX port at 0x60,0x64 irq 12
[    2.180963] mousedev: PS/2 mouse device common for all mice
[    2.184657] input: AT Translated Set 2 keyboard as /devices/platform/i8042/serio0/input/input2
[    2.189590] rtc_cmos rtc_cmos: rtc core: registered rtc_cmos as rtc0
[    2.193087] rtc_cmos rtc_cmos: alarms up to one day, 114 bytes nvram
[    2.196985] i2c /dev entries driver
[    2.199126] device-mapper: uevent: version 1.0.3
[    2.201668] device-mapper: ioctl: 4.34.0-ioctl (2015-10-28) initialised: dm-devel@redhat.com
[    2.206355] ledtrig-cpu: registered to indicate activity on CPUs
[    2.211015] NET: Registered protocol family 10
[    2.213819] NET: Registered protocol family 17
[    2.216018] Key type dns_resolver registered
[    2.219937] registered taskstats version 1
[    2.222667] Loading compiled-in X.509 certificates
[    2.226458] Loaded X.509 cert 'Build time autogenerated kernel key: bff73e56bc0efa7435b2a24f5427674623f1be80'
[    2.231178] zswap: loaded using pool lzo/zbud
[    2.237142] Key type trusted registered
[    2.246701] Key type encrypted registered
[    2.249136] AppArmor: AppArmor sha1 policy hashing enabled
[    2.252693] ima: No TPM chip found, activating TPM-bypass!
[    2.255300] ima: Allocated hash algorithm: sha1
[    2.257641] evm: HMAC attrs: 0x1
[    2.260483]   Magic number: 11:935:824
[    2.262657] rtc_cmos rtc_cmos: setting system clock to 2019-03-19 07:49:05 UTC (1552981745)
[    2.267088] BIOS EDD facility v0.16 2004-Jun-25, 0 devices found
[    2.270912] EDD information not available.
[    2.302876] Freeing unused kernel memory: 1484K
[    2.305731] Write protecting the kernel read-only data: 14336k
[    2.310715] Freeing unused kernel memory: 1624K
[    2.314216] Freeing unused kernel memory: 92K
Loading, please wait...
starting version 229
[    2.351360] random: systemd-udevd: uninitialized urandom read (16 bytes read, 5 bits of entropy available)
[    2.353573] random: udevadm: uninitialized urandom read (16 bytes read, 5 bits of entropy available)
[    2.353621] random: udevadm: uninitialized urandom read (16 bytes read, 5 bits of entropy available)
[    2.385555] random: udevadm: uninitialized urandom read (16 bytes read, 5 bits of entropy available)
[    2.385719] random: udevadm: uninitialized urandom read (16 bytes read, 5 bits of entropy available)
[    2.386152] random: udevadm: uninitialized urandom read (16 bytes read, 5 bits of entropy available)
[    2.386311] random: udevadm: uninitialized urandom read (16 bytes read, 5 bits of entropy available)
[    2.386466] random: udevadm: uninitialized urandom read (16 bytes read, 5 bits of entropy available)
[    2.386664] random: udevadm: uninitialized urandom read (16 bytes read, 5 bits of entropy available)
[    2.386837] random: udevadm: uninitialized urandom read (16 bytes read, 5 bits of entropy available)
[    2.631157] Fusion MPT base driver 3.04.20
[    2.641897] Copyright (c) 1999-2008 LSI Corporation
[    2.660893] e1000: Intel(R) PRO/1000 Network Driver - version 7.3.21-k8-NAPI
[    2.665056] e1000: Copyright (c) 1999-2006 Intel Corporation.
[    2.688658] AVX2 version of gcm_enc/dec engaged.
[    2.692413] AES CTR mode by8 optimization enabled
[    2.731947] Fusion MPT SPI Host driver 3.04.20
[    2.891533] input: ImExPS/2 Generic Explorer Mouse as /devices/platform/i8042/serio1/input/input4
[    2.981343] tsc: Refined TSC clocksource calibration: 2196.358 MHz
[    2.985728] clocksource: tsc: mask: 0xffffffffffffffff max_cycles: 0x1fa8c266cdd, max_idle_ns: 440795299091 ns
[    3.262246] e1000 0000:00:03.0 eth0: (PCI:33MHz:32-bit) 02:3e:59:1c:26:9a
[    3.266701] e1000 0000:00:03.0 eth0: Intel(R) PRO/1000 Network Connection
[    3.272856] mptbase: ioc0: Initiating bringup
[    3.273812] e1000 0000:00:03.0 enp0s3: renamed from eth0
[    3.348318] ioc0: LSI53C1030 A0: Capabilities={Initiator}
[    3.518848] scsi host2: ioc0: LSI53C1030 A0, FwRev=00000000h, Ports=1, MaxQ=256, IRQ=20
[    3.635978] scsi 2:0:0:0: Direct-Access     VBOX     HARDDISK         1.0  PQ: 0 ANSI: 5
[    3.643428] scsi target2:0:0: Beginning Domain Validation
[    3.649754] scsi target2:0:0: Domain Validation skipping write tests
[    3.653441] scsi target2:0:0: Ending Domain Validation
[    3.656664] scsi target2:0:0: asynchronous
[    3.659825] scsi 2:0:1:0: Direct-Access     VBOX     HARDDISK         1.0  PQ: 0 ANSI: 5
[    3.703148] scsi target2:0:1: Beginning Domain Validation
[    3.713983] scsi target2:0:1: Domain Validation skipping write tests
[    3.718222] scsi target2:0:1: Ending Domain Validation
[    3.723535] scsi target2:0:1: asynchronous
[    3.742832] sd 2:0:0:0: Attached scsi generic sg0 type 0
[    3.746387] sd 2:0:0:0: [sda] 20971520 512-byte logical blocks: (10.7 GB/10.0 GiB)
[    3.759114] sd 2:0:1:0: Attached scsi generic sg1 type 0
[    3.762638] sd 2:0:0:0: [sda] Write Protect is off
[    3.762769] sd 2:0:1:0: [sdb] 20480 512-byte logical blocks: (10.5 MB/10.0 MiB)
[    3.763174] sd 2:0:1:0: [sdb] Write Protect is off
[    3.763484] sd 2:0:1:0: [sdb] Incomplete mode parameter data
[    3.763489] sd 2:0:1:0: [sdb] Assuming drive cache: write through
[    3.779508] sd 2:0:1:0: [sdb] Attached SCSI disk
[    3.785185] sd 2:0:0:0: [sda] Incomplete mode parameter data
[    3.788528] sd 2:0:0:0: [sda] Assuming drive cache: write through
[    3.794838]  sda: sda1
[    3.798827] sd 2:0:0:0: [sda] Attached SCSI disk
Begin: Loading essential drivers ... [    5.990941] md: linear personality registered for level -1
[    5.999411] md: multipath personality registered for level -4
[    6.007814] md: raid0 personality registered for level 0
[    6.018881] md: raid1 personality registered for level 1
[    6.095489] raid6: sse2x1   gen()  2111 MB/s
[    6.163780] raid6: sse2x1   xor()  1248 MB/s
[    6.231294] raid6: sse2x2   gen()  3252 MB/s
[    6.299710] raid6: sse2x2   xor()  1798 MB/s
[    6.367340] raid6: sse2x4   gen()  4348 MB/s
[    6.435621] raid6: sse2x4   xor()  2789 MB/s
[    6.503707] raid6: avx2x1   gen()  3974 MB/s
[    6.571367] raid6: avx2x2   gen()  7555 MB/s
[    6.639760] raid6: avx2x4   gen() 10218 MB/s
[    6.642689] raid6: using algorithm avx2x4 gen() 10218 MB/s
[    6.646033] raid6: using avx2x2 recovery algorithm
[    6.651117] xor: automatically using best checksumming function:
[    6.691419]    avx       : 13169.000 MB/sec
[    6.699643] async_tx: api initialized (async)
[    6.722210] md: raid6 personality registered for level 6
[    6.725763] md: raid5 personality registered for level 5
[    6.728691] md: raid4 personality registered for level 4
[    6.744737] md: raid10 personality registered for level 10
done.
Begin: Running /scripts/init-premount ... done.
Begin: Mounting root file system ... Begin: Running /scripts/local-top ... done.
Begin: Running /scripts/local-premount ... [    6.839655] Btrfs loaded
Scanning for Btrfs filesystems
done.
Warning: fsck not present, so skipping root file system
[    6.908169] EXT4-fs (sda1): mounted filesystem with ordered data mode. Opts: (null)
done.
Begin: Running /scripts/local-bottom ... done.
Begin: Running /scripts/init-bottom ... done.
[    7.087061] systemd[1]: systemd 229 running in system mode. (+PAM +AUDIT +SELINUX +IMA +APPARMOR +SMACK +SYSVINIT +UTMP +LIBCRYPTSETUP +GCRYPT +GNUTLS +ACL +XZ -LZ4 +SECCOMP +BLKID +ELFUTILS +KMOD -IDN)
[    7.095093] systemd[1]: Detected virtualization oracle.
[    7.097657] systemd[1]: Detected architecture x86-64.

Welcome to [1mUbuntu 16.04.5 LTS[0m!

[    7.106189] systemd[1]: Set hostname to <ubuntu>.
[    7.111799] systemd[1]: Initializing machine ID from random generator.
[    7.115440] systemd[1]: Installed transient /etc/machine-id file.
[    7.357124] systemd[1]: Listening on Journal Socket.
[[0;32m  OK  [0m] Listening on Journal Socket.
[    7.363327] systemd[1]: Created slice System Slice.
[[0;32m  OK  [0m] Created slice System Slice.
[    7.384299] systemd[1]: Starting Create list of required static device nodes for the current kernel...
         Starting Create list of required st... nodes for the current kernel...
[    7.392990] systemd[1]: Listening on udev Control Socket.
[[0;32m  OK  [0m] Listening on udev Control Socket.
[    7.404855] systemd[1]: Listening on LVM2 metadata daemon socket.
[[0;32m  OK  [0m] Listening on LVM2 metadata daemon socket.
[    7.413522] systemd[1]: Created slice User and Session Slice.
[[0;32m  OK  [0m] Created slice User and Session Slice.
[    7.419788] systemd[1]: Reached target System Time Synchronized.
[[0;32m  OK  [0m] Reached target System Time Synchronized.
[    7.443809] systemd[1]: Mounting POSIX Message Queue File System...
         Mounting POSIX Message Queue File System...
[    7.451581] systemd[1]: Listening on Journal Socket (/dev/log).
[[0;32m  OK  [0m] Listening on Journal Socket (/dev/log).
[    7.460962] systemd[1]: Starting Uncomplicated firewall...
         Starting Uncomplicated firewall...
[    7.467424] systemd[1]: Set up automount Arbitrary Executable File Formats File System Automount Point.
[[0;32m  OK  [0m] Set up automount Arbitrary Executab...ats File System Automount Point.
[    7.493532] systemd[1]: Started Trigger resolvconf update for networkd DNS.
[[0;32m  OK  [0m] Started Trigger resolvconf update for networkd DNS.
[    7.535730] systemd[1]: Starting Remount Root and Kernel File Systems...
[    7.543354] EXT4-fs (sda1): re-mounted. Opts: (null)
         Starting Remount Root and Kernel File Systems...
[    7.563459] systemd[1]: Created slice system-serial\x2dgetty.slice.
[[0;32m  OK  [0m] Created slice system-serial\x2dgetty.slice.
[    7.570000] systemd[1]: Listening on /dev/initctl Compatibility Named Pipe.
[[0;32m  OK  [0m] Listening on /dev/initctl Compatibility Named Pipe.
[    7.581172] systemd[1]: Starting Nameserver information manager...
         Starting Nameserver information manager...
[    7.589375] systemd[1]: Listening on udev Kernel Socket.
[[0;32m  OK  [0m] Listening on udev Kernel Socket.
[    7.598184] systemd[1]: Starting Load Kernel Modules...
         Starting Load Kernel Mo[    7.619188] Loading iSCSI transport class v2.0-870.
dules...
[    7.638993] systemd[1]: Reached target Encrypted Volumes.
[[0;32m  OK  [0m] Reached target Encrypted Volumes.
[    7.645498] systemd[1]: Started Forward Password Requests to Wall Directory Watch.
[[0;32m  OK  [0m] Started Forward Password Requests to Wall Directory Watch.
[    7.653178] random: nonblocking pool is initialized
[    7.656957] systemd[1]: Listening on Device-mapper event daemon FIFOs.
[[0;32m  OK  [0m] Listening on Device-mapper event daemon FIFOs.
[    7.666179] iscsi: registered transport (tcp)
[    7.683453] systemd[1]: Mounting Debug File System...
         Mounting Debug File System...
[    7.689631] systemd[1]: Reached target Swap.
[[0;32m  OK  [0m] Reached target Swap.
[    7.700671] systemd[1]: Starting Monitoring of LVM2 mirrors, snapshots etc. using dmeventd or progress polling...
         Starting Monitoring of LVM2 mirrors... dmeventd or progress polling...
[    7.717958] systemd[1]: Listening on Syslog Socket.
[[0;32m  OK  [0m] Listening on Syslog Socket.
[    7.728412] systemd[1]: Mounting Huge Pages File System...
         Mounting Huge Pages File System...
[    7.743156] systemd[1]: Listening on Journal Audit Socket.
[[0;32m  OK  [0m] Listening on Journal Audit Socket.
[    7.755270] systemd[1]: Starting Journal Service...
         Starting Journal Service...
[    7.762827] systemd[1]: Reached target Slices.
[[0;32m  OK  [0m] Reached target Slices.
[    7.770524] systemd[1]: Listening on LVM2 poll daemon socket.
[    7.774669] iscsi: registered transport (iser)
[[0;32m  OK  [0m] Listening on LVM2 poll daemon socket.
[    7.796491] systemd[1]: Starting Set console keymap...
         Starting Set console keymap...
[    7.802068] systemd[1]: Reached target User and Group Name Lookups.
[[0;32m  OK  [0m] Reached target User and Group Name Lookups.
[    7.857668] systemd[1]: Mounted Debug File System.
[[0;32m  OK  [0m] Mounted Debug File System.
[    7.868903] systemd[1]: Mounted Huge Pages File System.
[[0;32m  OK  [0m] Mounted Huge Pages File System.
[    7.874964] systemd[1]: Mounted POSIX Message Queue File System.
[[0;32m  OK  [0m] Mounted POSIX Message Queue File System.
[    7.882315] systemd[1]: Started Journal Service.
[[0;32m  OK  [0m] Started Journal Service.
[[0;32m  OK  [0m] Started Create list of required sta...ce nodes for the current kernel.
[[0;32m  OK  [0m] Started Uncomplicated firewall.
[[0;32m  OK  [0m] Started Remount Root and Kernel File Systems.
[[0;32m  OK  [0m] Started Load Kernel Modules.
[[0;32m  OK  [0m] Started Nameserver information manager.
[[0;32m  OK  [0m] Started Set console keymap.
[[0;32m  OK  [0m] Started LVM2 metadata daemon.
         Starting Apply Kernel Variables...
         Mounting FUSE Control File System...
         Starting udev Coldplug all Devices...
         Starting Load/Save Random Seed...
         Starting Create Static Device Nodes in /dev...
         Starting Flush Journal to Persistent Storage...
[[0;32m  OK  [0m] Mounted FUSE Control File System.
[[0;32m  OK  [0m] Started Apply Kernel Variables.
[[0;32m  OK  [0m] Started Load/Save Random Seed.
[[0;32m  OK  [0m] Started Create Static Device Nodes in /dev.
[[0;32m  OK  [0m] Started udev Coldplug all Devices.
[[0;32m  OK  [0m] Started Flush Journal to Persistent Storage.
         Starting udev Kernel Device Manager...
[[0;32m  OK  [0m] Started Monitoring of LVM2 mirrors,...ng dmeventd or progress polling.
[[0;32m  OK  [0m] Reached target Local File Systems (Pre).
[[0;32m  OK  [0m] Reached target Local File Systems.
         Starting Tell Plymouth To Write Out Runtime Data...
         Starting Set console font and keymap...
         Starting LSB: AppArmor initialization...
         Starting Initial cloud-init job (pre-networking)...
         Starting Commit a transient machine-id on disk...
         Starting Create Volatile Files and Directories...
[[0;32m  OK  [0m] Started udev Kernel Device Manager.
[[0;32m  OK  [0m] Started Tell Plymouth To Write Out Runtime Data.
[[0;32m  OK  [0m] Started Commit a transient machine-id on disk.
[[0;32m  OK  [0m] Started Create Volatile Files and Directories.
         Starting Update UTMP about System Boot/Shutdown...
[[0;32m  OK  [0m] Started Dispatch Password Requests to Console Directory Watch.
[[0;32m  OK  [0m] Started Update UTMP about System Boot/Shutdown.
[[0;32m  OK  [0m] Found device /dev/ttyS0.
[[0;32m  OK  [0m] Listening on Load/Save RF Kill Switch Status /dev/rfkill Watch.
[[0;1;31mFAILED[0m] Failed to start Set console font and keymap.
See 'systemctl status console-setup.service' for details.
[   12.180141] cloud-init[499]: Cloud-init v. 18.4-0ubuntu1~16.04.2 running 'init-local' at Tue, 19 Mar 2019 07:49:14 +0000. Up 10.85 seconds.
[[0;32m  OK  [0m] Started Initial cloud-init job (pre-networking).
[[0;32m  OK  [0m] Reached target Network (Pre).
[[0;32m  OK  [0m] Created slice system-getty.slice.
[[0;32m  OK  [0m] Started LSB: AppArmor initialization.
         Starting Raise network interfaces...
[[0;32m  OK  [0m] Started Raise network interfaces.
         Starting Initial cloud-init job (metadata service crawler)...
[[0;32m  OK  [0m] Reached target Network.
[   17.109302] cloud-init[913]: Cloud-init v. 18.4-0ubuntu1~16.04.2 running 'init' at Tue, 19 Mar 2019 07:49:19 +0000. Up 15.38 seconds.
[   17.115314] cloud-init[913]: ci-info: ++++++++++++++++++++++++++++++++++++++Net device info++++++++++++++++++++++++++++++++++++++
[   17.139408] cloud-init[913]: ci-info: +--------+------+----------------------------+---------------+--------+-------------------+
[   17.180748] cloud-init[913]: ci-info: | Device |  Up  |          Address           |      Mask     | Scope  |     Hw-Address    |
[   17.199252] [[0;32m  OK  [0m] Started Initial cloud-init job (metadata service crawler).
cloud-init[913]: ci-info: +--------+------+----------------------------+---------------+--------+-------------------+[[0;32m  OK  [0m] Reached target Cloud-config availability.

[[   17.223951] [0;32m  OK  [0m] Reached target Network is Online.
cloud-init[913]: ci-info: | enp0s3 | True |         10.0.2.15          | 255.255.255.0 | global | 02:3e:59:1c:26:9a |
[   17.230842] cloud-init[913]: ci-info: | enp0s3 | True | fe80::3e:59ff:fe1c:269a/64 |       .       |  link  | 02:3e:59:1c:26:9a |
         Starting iSCSI initiator daemon (iscsid)...
[[0;32m  OK  [0m] Reached target System Initialization.
[[0;32m  OK  [0m] Started Daily apt download activities.
[[0;32m  OK  [0m] Listening on ACPID Listen Socket.
[   17.235480] cloud-init[913]: ci-info: |   lo   | True |         127.0.0.1          |   255.0.0.0   |  host  |         .         |
[   17.276516]          Starting LXD - unix socket.
cloud-init[[0;32m  OK  [0m] Started Daily Cleanup of Temporary Directories.
[913]: [[0;32m  OK  [0m] Started Daily apt upgrade and clean activities.
ci-info: |   lo   | True |          ::1/128           |       .       |  host  |         .         |
[   17.287687] [[0;32m  OK  [0m] Started ACPI Events Check.
cloud-init[[0;32m  OK  [0m] Reached target Paths.
[913]: [[0;32m  OK  [0m] Listening on D-Bus System Message Bus Socket.ci-info: +--------+------+----------------------------+---------------+--------+-------------------+

[   17.302712] [[0;32m  OK  [0m] Listening on UUID daemon activation socket.
cloud-init         Starting Socket activation for snappy daemon.
[913]: [[0;32m  OK  [0m] Reached target Timers.
ci-info: +++++++++++++++++++++++++++Route IPv4 info++++++++++++++++++++++++++++
[[0;32m  OK  [0m] Listening on LXD - unix socket.
[[0;32m  OK  [0m] Listening on Socket activation for snappy daemon.
[[0;32m  OK  [0m] Started iSCSI initiator daemon (iscsid).
[   17.332801] cloud-init[913]: ci-info: +-------+-------------+----------+---------------+-----------+-------+
[   17.345510] cloud-init[913]: ci-info: | Route | Destination | Gateway  |    Genmask    | Interface | Flags |
[   17.351107] cloud-init[913]: ci-info: +-------+-------------+----------+---------------+-----------+-------+
[   17.356893] cloud-init[913]: ci-info: |   0   |   0.0.0.0   | 10.0.2.2 |    0.0.0.0    |   enp0s3  |   UG  |
[   17.364594] cloud-init[913]: ci-info: |   1   |   10.0.2.0  | 0.0.0.0  | 255.255.255.0 |   enp0s3  |   U   |
[   17.370065] cloud-init[913]: ci-info: +-------+-------------+----------+---------------+-----------+-------+
[   17.374078] cloud-init[913]: ci-info: +++++++++++++++++++Route IPv6 info+++++++++++++++++++
[   17.378056] cloud-init[913]: ci-info: +-------+-------------+---------+-----------+-------+
[   17.383145] cloud-init         Starting Login to default iSCSI targets...
[913]: [[0;32m  OK  [0m] Reached target Sockets.
ci-info: | Route | Destination | Gateway | Interface | Flags |[[0;32m  OK  [0m] Reached target Basic System.
         Starting Login Service...
         Starting Virtualbox guest utils...
[
[   17.396544] cloud-init[913]: ci-info: +-------+-------------+---------+-----------+-------+
[   17.396760] cloud-init[913]: ci-info: |   0   |  fe80::/64  |    ::   |   enp0s3  |   U   |
[   17.397197] cloud-init[913]: ci-info: |   3   |   ff00::/8  |    ::   |   enp0s3  |   U   |
[   17.397600] cloud-init[913]: ci-info: +-------+-------------+---------+-----------+-------+
[   17.398670] cloud-init[913]: Generating public/private rsa key pair.
[   17.398923] cloud-init[913]: Your identification has been saved in /etc/ssh/ssh_host_rsa_key.
[   17.399401] cloud-init[913]: Your public key has been saved in /etc/ssh/ssh_host_rsa_key.pub.
[0;32m  OK  [0m] Started FUSE filesystem for LXC.
[   17.399940] cloud-init[913]: The key fingerprint is:
[   17.466101] cloud-init[[0;32m  OK  [0m] Started D-Bus System Message Bus.
[913]: SHA256:t2GOOPI0RQkan/xhb7hQXVVRxSMNhwiK5ppToq84sOQ root@ubuntu-xenial
[   17.486012] cloud-init[913]: The key's randomart image is:
[[0;32m  OK  [0m] Started Regular background program processing daemon.
[   17.489452] cloud-init[913]: +---[RSA 2048]----+
[   17.496693] cloud-init[913]: |    . .  .. oo==B|
         [   17.497619] cloud-init[913]: |     =.o.o o o.o.|
Starting Accounts Service...[   17.499708] cloud-init[913]: |    .o+.* .   . .|

[   17.502395] cloud-init[913]: |    o  = +       |
[   17.503069] cloud-init[913]: |   . o. S *      |
[   17.537466] cloud-init[913]: |... =  + B o     |
         [   17.538083] cloud-init[913]: |+o +. = o o      |
Starting LSB: MD monitoring daemon...[   17.539698] cloud-init[913]: |+E. .+ o         |

[   17.542003] cloud-init[913]: |.o..  .          |
[   17.542883] cloud-init[913]: +----[SHA256]-----+
[   17.551291] cloud-init[913]: Generating public/private dsa key pair.
[   17.555678] cloud-init[913]: Your identification has been saved in /etc/ssh/ssh_host_dsa_key.
[   17.559016] cloud-init[913]: Your public key has been saved in /etc/ssh/ssh_host_dsa_key.pub.
[   17.581057] cloud-init[913]: The key fingerprint is:
         [   17.582242] cloud-init[913]: SHA256:1PDCVn8U7aGcNpK6DhnfXUwQbS00VQNYE1YqxzO2EaA root@ubuntu-xenial
Starting Pollinate to seed the pseudo random number generator...
[   17.582726] cloud-init[913]: The key's randomart image is:
         Starting /etc/rc.local Compatibility...
[   17.596159]          Starting System Logging Service...
cloud-init[913]: +---[DSA 1024]----+
[   17.607478] cloud-init[913]: |        . ..+@@*=|
[   17.609883] cloud-init[913]: |       . =.oo.*=+|
[   17.636297] cloud-init[913]: |        =Eo.+O=+.|
[[   17.636960] cloud-init[913]: |       o . o+BB .|
[0;32m  OK  [0m[   17.639101] cloud-init[913]: |       .S . o..o |
] Started ACPI event daemon.
[   17.639818] cloud-init[913]: |        +.. . .  |
[   17.668442] cloud-init[913]: |       o ... .   |
[   17.671585] cloud-init[913]: |        ..       |
[   17.674342] cloud-init[913]: |        ..       |
[   17.676978] cloud-init[913]: +----[SHA256]-----+
[   17.679405] cloud-init[913]: Generating public/private ecdsa key pair.
[   17.682319] cloud-init[913]: Your identification has been saved in /etc/ssh/ssh_host_ecdsa_key.
[   17.687418] cloud-init[913]: Your public key has been saved in /etc/ssh/ssh_host_ecdsa_key.pub.
         [   17.688787] cloud-init[913]: The key fingerprint is:
Starting LSB: Record successful boot for GRUB...[   17.691959] cloud-init[913]: SHA256:/J4jIf/+LSxy2hSgmIUE5w5OGOskTBwSdLiW1pzXM74 root@ubuntu-xenial
[[0;32m  OK  [0m] Started Deferred execution scheduler.
         Starting LXD - container startup/shutdown...
         Starting Snappy daemon...
[[0;32m  OK  [0m] Started Unattended Upgrades Shutdown.

[   17.753995] cloud-init[913]: The key's randomart image is:
[[   17.755339] cloud-init[913]: +---[ECDSA 256]---+
[0;32m  OK  [0m] Started System Logging Service.
[   17.761594] cloud-init[913]: |*=+oo            |
[[   17.783212] cloud-init[913]: |+*.+ .           |
[0;32m  OK  [0m[   17.785308] cloud-init[913]: |+oB + o .        |
] Started /etc/rc.local Compatibility.
[   17.787800] cloud-init[913]: |+B * = * .       |
[   17.802952] cloud-init[913]: |o.. = o S .      |
[   17.808543] cloud-init[913]: |      .... .     |
[   17.812620] cloud-init[913]: |       o..o.     |
[   17.817976] cloud-init[913]: |       E+++.o.   |
[   17.828098] cloud-init[913]: |        .B*+...  |
[   17.833014] cloud-init[913]: +----[SHA256]-----+
[   17.842099] cloud-init[913]: Generating public/private ed25519 key pair.
[   17.869196] cloud-init[913]: Your identification has been saved in /etc/ssh/ssh_host_ed25519_key.
[   17.904890] cloud-init[913]: Your public key has been saved in /etc/ssh/ssh_host_ed25519_key.pub.
[   17.907991] cloud-init[913]: The key fingerprint is:
[[0;32m  OK  [0m] Started Login to default iSCSI targets.
[   17.909158] cloud-init[913]: SHA256:JXMc+hU1QfFJsSq5wwpQIAM/c838LUTBytXYQ4OFStI root@ubuntu-xenial
[   17.927018] cloud-init[913]: The key's randomart image is:
[   17.946153] cloud-init[913]: +--[ED25519 256]--+
[   17.949332] cloud-init[913]: | ..o .. .o@+.o*=.|
[   17.952946] cloud-init[913]: |  . o.=E.O =...oo|
[   17.959750] cloud-init[913]: |   + .+=B.+ o  o.|
[   17.967210] cloud-init[913]: |    + .+o*... .  |
[   17.976545] cloud-init[913]: |     .  So.+ .   |
[   17.985237] cloud-init[913]: |      .   o o    |
[[   17.986232] cloud-init[913]: [0;32m  OK  [0m|       .   +     |] 
Started LXD - container startup/shutdown.
[   17.987820] cloud-init[913]: |        . . .    |
[   18.004574] cloud-init[913]: |         .       |
[   18.012284] cloud-init[913]: +----[SHA256]-----+
[[0;32m  OK  [0m] Started LSB: MD monitoring daemon.
[[0;32m  OK  [0m] Started LSB: Record successful boot for GRUB.
[[0;32m  OK  [0m] Started Snappy daemon.
[[0;32m  OK  [0m] Started Login Service.
         Starting Authenticate and Authorize Users to Run Privileged Tasks...
         Starting Wait until snapd is fully seeded...
[[0;32m  OK  [0m] Reached target Remote File Systems (Pre).
[[0;32m  OK  [0m] Reached target Remote File Systems.
         Starting LSB: Set the CPU Frequency Scaling governor to "ondemand"...
         Starting LSB: daemon to balance interrupts for SMP systems...
         Starting LSB: automatic crash report generation...
         Starting Permit User Sessions...
[[0;32m  OK  [0m] Started Virtualbox guest utils.
[[0;32m  OK  [0m] Started Permit User Sessions.
[[0;32m  OK  [0m] Started Authenticate and Authorize Users to Run Privileged Tasks.
[[0;32m  OK  [0m] Started Accounts Service.
[[0;32m  OK  [0m] Started LSB: Set the CPU Frequency Scaling governor to "ondemand".
[[0;32m  OK  [0m] Started LSB: daemon to balance interrupts for SMP systems.
         Starting Terminate Plymouth Boot Screen...
         Starting Hold until boot process finishes up...
[[0;32m  OK  [0m] Started LSB: automatic crash report generation.
[[0;32m  OK  [0m] Started Terminate Plymouth Boot Screen.
[[0;32m  OK  [0m] Started Hold until boot process finishes up.
         Starting Set console scheme...
[[0;32m  OK  [0m] Started Serial Getty on ttyS0.
[[0;32m  OK  [0m] Started Getty on tty1.
[[0;32m  OK  [0m] Reached target Login Prompts.
[[0;32m  OK  [0m] Started Set console scheme.
[[0;32m  OK  [0m] Started Pollinate to seed the pseudo random number generator.
         Starting OpenBSD Secure Shell server...
[[0;32m  OK  [0m] Started OpenBSD Secure Shell server.
[[0;32m  OK  [0m] Created slice User Slice of vagrant.
         Starting User Manager for UID 1000...
[[0;32m  OK  [0m] Started Session 1 of user vagrant.
[[0;32m  OK  [0m] Started User Manager for UID 1000.

Ubuntu 16.04.5 LTS ubuntu-xenial ttyS0

ubuntu-xenial login: [   54.452509] cloud-init[1794]: Generating locales (this might take a while)...
[   57.786686] cloud-init[1794]:   en_US.UTF-8... done
[   57.788578] cloud-init[1794]: Generation complete.
[   58.708773] cloud-init[1794]: Cloud-init v. 18.4-0ubuntu1~16.04.2 running 'modules:config' at Tue, 19 Mar 2019 07:49:57 +0000. Up 54.11 seconds.
ci-info: no authorized ssh keys fingerprints found for user ubuntu.
<14>Mar 19 07:50:04 ec2: 
<14>Mar 19 07:50:04 ec2: #############################################################
<14>Mar 19 07:50:04 ec2: -----BEGIN SSH HOST KEY FINGERPRINTS-----
<14>Mar 19 07:50:04 ec2: 1024 SHA256:1PDCVn8U7aGcNpK6DhnfXUwQbS00VQNYE1YqxzO2EaA root@ubuntu-xenial (DSA)
<14>Mar 19 07:50:04 ec2: 256 SHA256:/J4jIf/+LSxy2hSgmIUE5w5OGOskTBwSdLiW1pzXM74 root@ubuntu-xenial (ECDSA)
<14>Mar 19 07:50:04 ec2: 256 SHA256:JXMc+hU1QfFJsSq5wwpQIAM/c838LUTBytXYQ4OFStI root@ubuntu-xenial (ED25519)
<14>Mar 19 07:50:04 ec2: 2048 SHA256:t2GOOPI0RQkan/xhb7hQXVVRxSMNhwiK5ppToq84sOQ root@ubuntu-xenial (RSA)
<14>Mar 19 07:50:04 ec2: -----END SSH HOST KEY FINGERPRINTS-----
<14>Mar 19 07:50:04 ec2: #############################################################
-----BEGIN SSH HOST KEY KEYS-----
ecdsa-sha2-nistp256 AAAAE2VjZHNhLXNoYTItbmlzdHAyNTYAAAAIbmlzdHAyNTYAAABBBLGpnyklKf+Z1AmUGMCaHqwij3OErrop5XIXtVqU3rkYPC7ZHhJRLePU2lMdssEmppe2zVq9gcN1iTXL1Q0IS7E= root@ubuntu-xenial
ssh-ed25519 AAAAC3NzaC1lZDI1NTE5AAAAIHypnfvBQiJeJxjPdsVDFiKsmovh1brPJ6FKH5Zr5eNT root@ubuntu-xenial
ssh-rsa AAAAB3NzaC1yc2EAAAADAQABAAABAQCsv+MrfWOtv+0R+I73OmE6ko8Cd516tBhttxSOcUyG119QYj3jdJ2nMze1snbSfkAhATtwy7RU8i10c8WbVuOu9LP+J/Knv8APhFa1LLEEH8WEqCYPxQdMXW/Q1t0RK7S06BC26yAa3/PcjsAFB6bChszG/SsRKKDo4r57lZ9HC2KdzLxCcC2PBrZ5PVzy1FH8kui0UoYIo7dTou6TKnfe4N8upmUeJcBm3XSifnCGCTHRSluSCUxpAvjTgjb4GxtiLD69k4eZL+k6jqhinFokLSk3/pFRZzjsWUeVu764HuzN/ji6SnXlk+95P4pPLrSvbUA75zYINbeUY1CLtnO5 root@ubuntu-xenial
-----END SSH HOST KEY KEYS-----
[   60.250838] cloud-init[1833]: Cloud-init v. 18.4-0ubuntu1~16.04.2 running 'modules:final' at Tue, 19 Mar 2019 07:50:03 +0000. Up 59.81 seconds.
[   60.251260] cloud-init[1833]: ci-info: no authorized ssh keys fingerprints found for user ubuntu.
[   60.251583] cloud-init[1833]: Cloud-init v. 18.4-0ubuntu1~16.04.2 finished at Tue, 19 Mar 2019 07:50:04 +0000. Datasource DataSourceNoCloud [seed=/dev/sdb][dsmode=net].  Up 60.20 seconds
